exports[`test renders correctly 1`] = `
<View>
  <View
    accessibilityComponentType={undefined}
    accessibilityLabel={undefined}
    accessibilityTraits={undefined}
    accessible={true}
    hitSlop={undefined}
    onLayout={undefined}
    onResponderGrant={[Function]}
    onResponderMove={[Function]}
    onResponderRelease={[Function]}
    onResponderTerminate={[Function]}
    onResponderTerminationRequest={[Function]}
    onStartShouldSetResponder={[Function]}
    style={
      Array [
        Object {
          "backgroundColor": "transparent",
        },
        undefined,
      ]
    }
    testID={undefined}>
    <View
      style={
        Object {
          "flex": 1,
          "flexDirection": "row",
        }
      }>
      <View
        size={25}
        style={
          Object {
            "alignItems": "center",
            "flex": 25,
            "flexDirection": "column",
            "padding": 10,
          }
        }>
        <View
          style={
            Object {
              "flex": 1,
              "flexDirection": "row",
            }
          }>
          <Image
            source={
              Object {
                "uri": "https://maps.googleapis.com/maps/api/place/photo?maxwidth=100&photoreference=CoQBdwAAAFVOF9vQsY7u9MuWaDAA2VvNr8wDc5lTq99-BHXmizDXvXZfAK49VnQP80jvEDz7nEi5zvnD-ve9vOuUzPLbcs7zsD3xHO74c0bhUuar19_J7dLcu3SUuXuE5YcaVschjUI-5e6NY-fdr_xu_fVF1vVmQtkuU-fDCgyYc-qB0KHYEhC7hA-9Mlehu3OI3VEslNqQGhQqas9upAHkoejM0jSkP7IVW1ONVA&key=AIzaSyDB5zzhpIGeUa2tU4vsqkUAVH0a5q-i_As",
              }
            }
            style={
              Object {
                "borderRadius": 30,
                "height": 60,
                "marginBottom": 10,
                "width": 60,
              }
            } />
        </View>
        <View
          style={
            Object {
              "flex": 1,
              "flexDirection": "row",
            }
          }>
          <View
            accessibilityComponentType={undefined}
            accessibilityLabel={undefined}
            accessibilityTraits={undefined}
            accessible={true}
            hitSlop={undefined}
            onLayout={undefined}
            onResponderGrant={[Function]}
            onResponderMove={[Function]}
            onResponderRelease={[Function]}
            onResponderTerminate={[Function]}
            onResponderTerminationRequest={[Function]}
            onStartShouldSetResponder={[Function]}
            style={
              Array [
                Object {
                  "backgroundColor": "transparent",
                },
                undefined,
              ]
            }
            testID={undefined}>
            <View>
              <Text
                accessible={true}
                allowFontScaling={false}
                ellipsizeMode="tail"
                style={
                  Array [
                    Object {
                      "color": "#e56452",
                      "fontSize": 20,
                    },
                    undefined,
                    Object {
                      "fontFamily": "FontAwesome",
                      "fontStyle": "normal",
                      "fontWeight": "normal",
                    },
                  ]
                }>
                ï€†
              </Text>
            </View>
          </View>
        </View>
      </View>
      <View
        size={75}
        style={
          Object {
            "alignItems": "center",
            "flex": 75,
            "flexDirection": "column",
            "marginLeft": 10,
            "marginRight": 10,
            "paddingTop": 10,
          }
        }>
        <Text
          accessible={true}
          allowFontScaling={true}
          ellipsizeMode="tail"
          style={
            Object {
              "color": "#2f5e4e",
              "fontSize": 15,
              "fontWeight": "500",
              "marginBottom": 5,
              "textAlign": "left",
            }
          }>
          Old Salmon River Trailhead
        </Text>
        <Text
          accessible={true}
          allowFontScaling={true}
          ellipsizeMode="tail"
          style={
            Object {
              "color": "#786048",
              "marginBottom": 5,
            }
          }>
          Welches
        </Text>
        <Text
          accessible={true}
          allowFontScaling={true}
          ellipsizeMode="tail"
          style={
            Object {
              "color": "#727b24",
            }
          }>
          Rating: 
          4.7
        </Text>
      </View>
      <View
        size={25}
        style={
          Object {
            "alignItems": "center",
            "flex": 25,
            "flexDirection": "column",
            "padding": 10,
          }
        }>
        <View
          style={
            Object {
              "flex": 1,
              "flexDirection": "row",
            }
          }>
          <Text
            accessible={true}
            allowFontScaling={true}
            ellipsizeMode="tail">
            
          </Text>
        </View>
        <View
          style={
            Object {
              "flex": 1,
              "flexDirection": "row",
            }
          }>
          <ActivityIndicator
            animating={true}
            color="#5e9fa1"
            hidesWhenStopped={true}
            size="small"
            style={
              Object {
                "opacity": 0.8,
              }
            } />
        </View>
      </View>
    </View>
  </View>
</View>
`;
