exports[`testReducer handles TEST_DECREMENT action 1`] = `
Object {
  "bar": "hello",
  "custom": "something else",
  "foo": 21,
}
`;

exports[`testReducer handles TEST_INCREMENT action 1`] = `
Object {
  "bar": "helloo",
  "custom": "custom thing",
  "foo": 84,
}
`;
